[look-this.co/index.html]
[backblue.gif]
[fade.gif]
[index.html]
[look-this.co/bb.png]
[look-this.co/style.css]
[cdnjs.cloudflare.com/ajax/libs/animate.css/3.5.2/animate.min.css]
[look-this.co/5555.png]
[look-this.co/123.png]
[look-this.co/124.png]
[look-this.co/5556.png]
[pagead2.googlesyndication.com/pagead/js/f.txt]
[look-this.co/Snow_falling1.gif]
[look-this.co/do.png]
[look-this.co/jiro.png]
[look-this.co/ek.png]
[look-this.co/aat.png]
[s10.histats.com/js15_as.js]
[sstatic1.histats.com/06fde.gif]
[look-this.co/index.html]
[cdnjs.cloudflare.com/ajax/libs/animate.css/3.5.2/animate.min.css]
[look-this.co/fonts/Kruti-Dev-010.ttf.woff]
[look-this.co/fonts/Kruti-Dev-010.ttf.svg]
[look-this.co/fonts/Kruti-Dev-010.ttf.eot]
[look-this.co/fonts/Kruti-Dev-010d41d.eot]
[jaldi-dekho.com/Snow_falling1.13.delayed]
[look-this.co/style.css]
[look-this.co/fonts/Kruti-Dev-010.ttf.html]
[look-this.co/fonts/Kruti-Dev-010.ttf-2.html]
[look-this.co/fonts/Kruti-Dev-010.ttf-3.html]
[look-this.co/fonts/Kruti-Dev-010d41d.html]
[jaldi-dekho.com/Snow_falling1.html]
